// Jest Snapshot v1, https://jestjs.io/docs/snapshot-testing

exports[`Background Component should match snapshot 1`] = `
<div
  class="MuiBox-root css-qoh8ro"
>
  <svg
    class="shape MuiBox-root css-0"
    data-testid="shape-octagon"
    role="img"
    style="position: absolute; left: 50%; top: 50%; transform: translate(-50%, -50%) rotate(119deg) scale(0.7479621549171644); z-index: 10;"
    viewBox="0 0 144 144"
    xmlns="http://www.w3.org/2000/svg"
  >
    <path
      d="M0,101.6v-59.3L41.9,0h59.7l42.4,42.4v59.3l-42.4,42.4h-59.7L0,101.6Z"
    />
  </svg>
  <svg
    class="shape MuiBox-root css-0"
    data-testid="shape-square"
    role="img"
    style="position: absolute; left: 50%; top: 50%; transform: translate(-50%, -50%) rotate(132deg) scale(0.3777872892871822); z-index: 10;"
    viewBox="0 0 144 144"
    xmlns="http://www.w3.org/2000/svg"
  >
    <path
      d="M0,0h144v144h-144V0Z"
    />
  </svg>
  <svg
    class="shape MuiBox-root css-0"
    data-testid="shape-triangle"
    role="img"
    style="position: absolute; left: 50%; top: 50%; transform: translate(-50%, -50%) rotate(8deg) scale(1.1990089077015498); z-index: 10;"
    viewBox="0 0 144 144"
    xmlns="http://www.w3.org/2000/svg"
  >
    <path
      d="M144,144h-144L72.2,0,144,144Z"
    />
  </svg>
</div>
`;
